router_voix(config-if)#
router_voix(config-if)#exit
router_voix(config)#
router_voix(config)#
router_voix(config)#interface fa0/0.10
router_voix(config-subif)#
%LINK-5-CHANGED: Interface FastEthernet0/0.10, changed state to up

%LINEPROTO-5-UPDOWN: Line protocol on Interface FastEthernet0/0.10, changed state to up

router_voix(config-subif)#
router_voix(config-subif)#encapsulation dot1q?
dot1Q  
router_voix(config-subif)#encapsulation dot1q
% Incomplete command.
router_voix(config-subif)#encapsulation dot1q 10
router_voix(config-subif)#ip address 192.168.1.1 255.255.255.0
router_voix(config-subif)#exit
router_voix(config)#interface fa0/0.20
router_voix(config-subif)#
%LINK-5-CHANGED: Interface FastEthernet0/0.20, changed state to up

%LINEPROTO-5-UPDOWN: Line protocol on Interface FastEthernet0/0.20, changed state to up

router_voix(config-subif)#
router_voix(config-subif)#encapsulation dot1q 20
router_voix(config-subif)#ip address 192.1682.1 255.225.255.0
                                     ^
% Invalid input detected at '^' marker.
	
router_voix(config-subif)#ip address 192.1682.2.1  255.225.255.0
                                     ^
% Invalid input detected at '^' marker.
	
router_voix(config-subif)#ip address 192.168.2.1  255.225.255.0
Bad mask 0xFFE1FF00 for address 192.168.2.1
router_voix(config-subif)#ip address 192.168.2.1  255.255.255.0
router_voix(config-subif)#exit
router_voix(config)#interface fa0/0.50
router_voix(config-subif)#
%LINK-5-CHANGED: Interface FastEthernet0/0.50, changed state to up

%LINEPROTO-5-UPDOWN: Line protocol on Interface FastEthernet0/0.50, changed state to up

router_voix(config-subif)#
router_voix(config-subif)#encapsulatin dot1q 5
                                     ^
% Invalid input detected at '^' marker.
	
router_voix(config-subif)#encapsulation dot1q 5
router_voix(config-subif)#encapsulation dot1q 50
router_voix(config-subif)#ip address 192.168.3.1 255.255.255.0
router_voix(config-subif)#end
router_voix#
%SYS-5-CONFIG_I: Configured from console by console

router_voix#
router_voix#shw ip interface brief
                ^
% Invalid input detected at '^' marker.
	
router_voix#show ip interface brief
Interface              IP-Address      OK? Method Status                Protocol
 
FastEthernet0/0        unassigned      YES unset  up                    up
 
FastEthernet0/0.10     192.168.1.1     YES manual up                    up
 
FastEthernet0/0.20     192.168.2.1     YES manual up                    up
 
FastEthernet0/0.50     192.168.3.1     YES manual up                    up
 
FastEthernet0/1        unassigned      YES unset  administratively down down
 
Vlan1                  unassigned      YES unset  administratively down down
router_voix#
router_voix#
router_voix#copy running-config starting-config
                                     ^
% Invalid input detected at '^' marker.
	
router_voix#copy running-config startup-config
Destination filename [startup-config]? 
Building configuration...
[OK]
router_voix#
router_voix#
router_voix#config t
Enter configuration commands, one per line.  End with CNTL/Z.
router_voix(config)#ip dhcp excluded-address 192.168.1.1 
router_voix(config)#ip dhcp excluded-address 192.168.1.9
router_voix(config)#ip dhcp excluded-address 192.168.2.1
router_voix(config)#ip dhcp excluded-address 192.168.2.9
router_voix(config)#ip dhcp excluded-address 192.168.3.1
router_voix(config)#ip dhcp excluded-address 192.168.3.9
router_voix(config)#
router_voix(config)#ip dhcp pool vlan10voixpool 
router_voix(dhcp-config)#network 192.168.1.0 255.255.255.0
router_voix(dhcp-config)#def
router_voix(dhcp-config)#default-router 192.168.1.1
router_voix(dhcp-config)#option 150
% Incomplete command.
router_voix(dhcp-config)#option 150?
<0-254>  
router_voix(dhcp-config)#option ip  192.168.1.1?
% Unrecognized command
router_voix(dhcp-config)#option ip  ip?
% Unrecognized command
router_voix(dhcp-config)#option ip  ip
                                ^
% Invalid input detected at '^' marker.
	
router_voix(dhcp-config)#option  ip ?
% Unrecognized command
router_voix(dhcp-config)#option  150 ip 192.168.1.1 ?
  <cr>
router_voix(dhcp-config)#option  150 ip 192.168.1.1 
router_voix(dhcp-config)#exit
router_voix(config)#ip dhcp  pool ?
  WORD  Pool name
router_voix(config)#ip dhcp  pool vlan20donneespool
router_voix(dhcp-config)# network 192.168.2.0 255.255.255.0
router_voix(dhcp-config)#defaut
router_voix(dhcp-config)#defaut?
% Unrecognized command
router_voix(dhcp-config)#def
router_voix(dhcp-config)#default-router  192.168.2.1 
router_voix(dhcp-config)#exit
router_voix(config)#ntp
% Incomplete command.
router_voix(config)#nt
% Incomplete command.
router_voix(config)#nt?
ntp  
router_voix(config)#ntp
% Incomplete command.
router_voix(config)#exit
router_voix#
%SYS-5-CONFIG_I: Configured from console by console

router_voix#
router_voix#
router_voix#ntp
Translating "ntp"...domain server (255.255.255.255)
% Unknown command or computer name, or unable to find computer address

router_voix#config
Configuring from terminal, memory, or network [terminal]? 
Enter configuration commands, one per line.  End with CNTL/Z.
router_voix(config)#config t
%Invalid hex value
router_voix(config)#tftp ?
% Unrecognized command
router_voix(config)#tftp ?
% Unrecognized command
router_voix(config)#exit
router_voix#
%SYS-5-CONFIG_I: Configured from console by console
exit









router_voix con0 is now available






Press RETURN to get started.













router_voix>
router_voix>
router_voix>en
router_voix#
router_voix#
router_voix#copy running-config startup-config
Destination filename [startup-config]? 
Building configuration...
[OK]
router_voix#
router_voix#
router_voix#