notes:
 Cisco IOS Software, C2960 Software (C2960-LANBASE-M), Version 12.2(25)FX, RELEASE SOFTWARE (fc1)
Copyright (c) 1986-2005 by Cisco Systems, Inc.
Compiled Wed 12-Oct-05 22:05 by pt_team
Image text-base: 0x80008098, data-base: 0x814129C4



Cisco WS-C2960-24TT (RC32300) processor (revision C0) with 21039K bytes of memory.


24 FastEthernet/IEEE 802.3 interface(s)
2 Gigabit Ethernet/IEEE 802.3 interface(s)

63488K bytes of flash-simulated non-volatile configuration memory.
Base ethernet MAC Address       : 0060.7011.3C48
Motherboard assembly number     : 73-9832-06
Power supply part number        : 341-0097-02
Motherboard serial number       : FOC103248MJ
Power supply serial number      : DCA102133JA
Model revision number           : B0
Motherboard revision number     : C0
Model number                    : WS-C2960-24TT
System serial number            : FOC1033Z1EY
Top Assembly Part Number        : 800-26671-02
Top Assembly Revision Number    : B0
Version ID                      : V02
CLEI Code Number                : COM3K00BRA
Hardware Board Revision Number  : 0x01


Switch   Ports  Model              SW Version              SW Image
------   -----  -----              ----------              ----------
*    1   26     WS-C2960-24TT      12.2                    C2960-LANBASE-M

Cisco IOS Software, C2960 Software (C2960-LANBASE-M), Version 12.2(25)FX, RELEASE SOFTWARE (fc1)
Copyright (c) 1986-2005 by Cisco Systems, Inc.
Compiled Wed 12-Oct-05 22:05 by pt_team

Press RETURN to get started!



Switch>end
Translating "end"...domain server (255.255.255.255)
% Unknown command or computer name, or unable to find computer address

Switch>e n 
% Ambiguous command: "e n "
Switch>en
Switch#show ip bref
               ^
% Invalid input detected at '^' marker.
	
Switch#show ip brief
               ^
% Invalid input detected at '^' marker.
	
Switch#show ip interface brief
Interface              IP-Address      OK? Method Status                Protocol
 
FastEthernet0/1        unassigned      YES manual down                  down
 
FastEthernet0/2        unassigned      YES manual down                  down
 
FastEthernet0/3        unassigned      YES manual down                  down
 
FastEthernet0/4        unassigned      YES manual down                  down
 
FastEthernet0/5        unassigned      YES manual down                  down
 
FastEthernet0/6        unassigned      YES manual down                  down
 
FastEthernet0/7        unassigned      YES manual down                  down
 
FastEthernet0/8        unassigned      YES manual down                  down
 
FastEthernet0/9        unassigned      YES manual down                  down
 
FastEthernet0/10       unassigned      YES manual down                  down
 
FastEthernet0/11       unassigned      YES manual down                  down
 
FastEthernet0/12       unassigned      YES manual down                  down
 
FastEthernet0/13       unassigned      YES manual down                  down
 
FastEthernet0/14       unassigned      YES manual down                  down
 
FastEthernet0/15       unassigned      YES manual down                  down
 
FastEthernet0/16       unassigned      YES manual down                  down
 
FastEthernet0/17       unassigned      YES manual down                  down
 
FastEthernet0/18       unassigned      YES manual down                  down
 
FastEthernet0/19       unassigned      YES manual down                  down
 
FastEthernet0/20       unassigned      YES manual down                  down
 
FastEthernet0/21       unassigned      YES manual down                  down
 
FastEthernet0/22       unassigned      YES manual down                  down
 
FastEthernet0/23       unassigned      YES manual down                  down
 
FastEthernet0/24       unassigned      YES manual down                  down
 
GigabitEthernet0/1     unassigned      YES manual down                  down
 
GigabitEthernet0/2     unassigned      YES manual down                  down
 
Vlan1                  unassigned      YES manual administratively down down
Switch#
Switch#
Switch#
Switch#
Switch#
Switch#reload
Proceed with reload? [confirm]
C2960 Boot Loader (C2960-HBOOT-M) Version 12.2(25r)FX, RELEASE SOFTWARE (fc4)
Cisco WS-C2960-24TT (RC32300) processor (revision C0) with 21039K bytes of memory.
2960-24TT starting...
Base ethernet MAC Address: 0060.7011.3C48
Xmodem file system is available.
Initializing Flash...
flashfs[0]: 1 files, 0 directories
flashfs[0]: 0 orphaned files, 0 orphaned directories
flashfs[0]: Total bytes: 64016384
flashfs[0]: Bytes used: 4414921
flashfs[0]: Bytes available: 59601463
flashfs[0]: flashfs fsck took 1 seconds.
...done Initializing Flash.

Boot Sector Filesystem (bs:) installed, fsid: 3
Parameter Block Filesystem (pb:) installed, fsid: 4


Loading "flash:/c2960-lanbase-mz.122-25.FX.bin"...
########################################################################## [OK]
              Restricted Rights Legend

Use, duplication, or disclosure by the Government is
subject to restrictions as set forth in subparagraph
(c) of the Commercial Computer Software - Restricted
Rights clause at FAR sec. 52.227-19 and subparagraph
(c) (1) (ii) of the Rights in Technical Data and Computer
Software clause at DFARS sec. 252.227-7013.

           cisco Systems, Inc.
           170 West Tasman Drive
           San Jose, California 95134-1706




Cisco IOS Software, C2960 Software (C2960-LANBASE-M), Version 12.2(25)FX, RELEASE SOFTWARE (fc1)
Copyright (c) 1986-2005 by Cisco Systems, Inc.
Compiled Wed 12-Oct-05 22:05 by pt_team
Image text-base: 0x80008098, data-base: 0x814129C4



Cisco WS-C2960-24TT (RC32300) processor (revision C0) with 21039K bytes of memory.


24 FastEthernet/IEEE 802.3 interface(s)
2 Gigabit Ethernet/IEEE 802.3 interface(s)

63488K bytes of flash-simulated non-volatile configuration memory.
Base ethernet MAC Address       : 0060.7011.3C48
Motherboard assembly number     : 73-9832-06
Power supply part number        : 341-0097-02
Motherboard serial number       : FOC103248MJ
Power supply serial number      : DCA102133JA
Model revision number           : B0
Motherboard revision number     : C0
Model number                    : WS-C2960-24TT
System serial number            : FOC1033Z1EY
Top Assembly Part Number        : 800-26671-02
Top Assembly Revision Number    : B0
Version ID                      : V02
CLEI Code Number                : COM3K00BRA
Hardware Board Revision Number  : 0x01


Switch   Ports  Model              SW Version              SW Image
------   -----  -----              ----------              ----------
*    1   26     WS-C2960-24TT      12.2                    C2960-LANBASE-M

Cisco IOS Software, C2960 Software (C2960-LANBASE-M), Version 12.2(25)FX, RELEASE SOFTWARE (fc1)
Copyright (c) 1986-2005 by Cisco Systems, Inc.
Compiled Wed 12-Oct-05 22:05 by pt_team

Press RETURN to get started!



Switch>
Switch>
Switch>nable
Translating "nable"...domain server (255.255.255.255)
% Unknown command or computer name, or unable to find computer address

Switch>config t
              ^
% Invalid input detected at '^' marker.
	
Switch>en 
Switch#config t
Enter configuration commands, one per line.  End with CNTL/Z.
Switch(config)#vlan 10
Switch(config-vlan)#name voix
Switch(config-vlan)#exite
Switch(config)#vlan 20 
Switch(config-vlan)#name data
Switch(config-vlan)#exit
Switch(config)#vlan 50
Switch(config-vlan)#name  management
Switch(config-vlan)#Switch(config)#exit
Switch#
%SYS-5-CONFIG_I: Configured from console by console

Switch#
Switch#show vlan

VLAN Name                             Status    Ports
---- -------------------------------- --------- -------------------------------
1    default                          active    Fa0/1, Fa0/2, Fa0/3, Fa0/4
                                                Fa0/5, Fa0/6, Fa0/7, Fa0/8
                                                Fa0/9, Fa0/10, Fa0/11, Fa0/12
                                                Fa0/13, Fa0/14, Fa0/15, Fa0/16
                                                Fa0/17, Fa0/18, Fa0/19, Fa0/20
                                                Fa0/21, Fa0/22, Fa0/23, Fa0/24
                                                Gig0/1, Gig0/2
10   voix                             active    
20   data                             active    
50   management                       active    
1002 fddi-default                     act/unsup 
1003 token-ring-default               act/unsup 
1004 fddinet-default                  act/unsup 
1005 trnet-default                    act/unsup 

VLAN Type  SAID       MTU   Parent RingNo BridgeNo Stp  BrdgMode Trans1 Trans2
---- ----- ---------- ----- ------ ------ -------- ---- -------- ------ ------
1    enet  100001     1500  -      -      -        -    -        0      0
10   enet  100010     1500  -      -      -        -    -        0      0
 --More-- Switch(config-if)#switchport acces vlan 20
Switch(config-if)#switchport voice vlan 20
Switch(config-if)#interface Fa0/1
Switch(config-if)#switchport access vlan 20
Switch(config-if)#switchport voice vlan 10
Switch(config-if)#inteface fa0/2
                   ^
% Invalid input detected at '^' marker.
	
Switch(config-if)#interface fa0/2
Switch(config-if)#switchport acces vlan 20
Switch(config-if)#switchport voice vlan 10
Switch(config-if)#exit
Switch(config)#exit
Switch#
%SYS-5-CONFIG_I: Configured from console by console

Switch#
Switch#copy running-config startup-config
Destination filename [startup-config]? 
Building configuration...
[OK]
Switch#
Switch#
Switch#
Switch(config-if)#switchport acces vlan 20
Switch(config-if)#switchport voice vlan 20
Switch(config-if)#interface Fa0/1
Switch(config-if)#switchport access vlan 20
Switch(config-if)#switchport voice vlan 10
Switch(config-if)#inteface fa0/2
                   ^
% Invalid input detected at '^' marker.
	
Switch(config-if)#interface fa0/2
Switch(config-if)#switchport acces vlan 20
Switch(config-if)#switchport voice vlan 10
Switch(config-if)#exit
Switch(config)#exit
Switch#
%SYS-5-CONFIG_I: Configured from console by console

Switch#
Switch#copy running-config startup-config
Destination filename [startup-config]? 
Building configuration...
[OK]
Switch#
Switch#
Switch#
